Found 33 emails to verify.
mfranklin@shermanengineering.com: Invalid (timeout)
tristate@tristateair.com: Invalid (timeout)
llewis@lewissystemsinc.com: Invalid (timeout)
sbell@carotek.com: Invalid (timeout)
elunsford@pyebarker.com: Invalid (timeout)
adam.gibbs@otcindustrial.com: Invalid (timeout)
gdomino@andersonprocess.com: Invalid (timeout)
rklaubert@aircompressorengineeringcoinc.com: Invalid (NXDOMAIN)
mweir@totalequipment.com: Invalid (timeout)
msteffens@airlinehyd.com: Invalid (timeout)
s.marchiony@acfpower.com: Invalid (timeout)
mselbach@jherbertcorp.com: Invalid (timeout)
prockwell@midwayindustrialsupply.com: Invalid (NoAnswer)
gdomino@andersonprocess.com: Invalid (timeout)
solutions@jhfoster.com: Invalid (timeout)
skostek@santaclarasystems.com: Invalid (timeout)
aragen@rogers-machinery.com: Invalid (timeout)
zpeeler@zaxisinc.com: Invalid (timeout)
dnoyes@cbeuptime.com: Invalid (timeout)
arunge@aapautomation.com: Invalid (timeout)
shall@cmbuck.com: Invalid (timeout)
eostervold@ewklein.com: Invalid (timeout)
rdu@msesupplies.com: Invalid (timeout)
jsnook@comprevac.com: Invalid (timeout)
o.bohris@aircom.net: Invalid (timeout)
jhurtubise@valleycompressor.com: Invalid (timeout)
service@gtacompressorsolutions.ca: Invalid (timeout)
agiffen@hdcompression.com: Invalid (timeout)
drozee@tri-ark.com: Invalid (timeout)
asingh@raptorsupplies.com: Invalid (LifetimeTimeout)
cleanair.europe@cleanair.com: Invalid (timeout)
gmetzger@metzger-technik.de: Invalid (LifetimeTimeout)
spompeia@ultracontrolo.com: Invalid (timeout)

Verification complete. 0 valid emails.
